juil. 31, 2026 10:06:18 AM org.hibernate.jpa.internal.util.LogHelper logPersistenceUnitInformation
INFO: HHH008540: Processing PersistenceUnitInfo [name: projet-jpa]
juil. 31, 2026 10:06:18 AM org.hibernate.Version logVersion
INFO: HHH000001: Hibernate ORM core version 7.4.4.Final
juil. 31, 2026 10:06:18 AM org.hibernate.engine.jdbc.connections.internal.DriverManagerConnectionProvider configure
WARN: HHH10001002: Using built-in connection pool (not intended for production use)
juil. 31, 2026 10:06:18 AM org.hibernate.dialect.Dialect checkVersion
WARN: HHH000511: The 10.4.32 version for [org.hibernate.dialect.MariaDBDialect] is no longer supported, hence certain features may not work properly.The minimum supported version is 10.6.0. Check the community dialects project for available legacy versions.
juil. 31, 2026 10:06:18 AM org.hibernate.engine.jdbc.env.internal.JdbcEnvironmentInitiator logConnectionInfo
INFO: HHH10001005: Database info:
	Database JDBC URL [jdbc:mariadb://localhost:3306/cinema?useUnicode=true&characterEncoding=UTF-8]
	Database driver: MariaDB Connector/J
	Database dialect: MariaDBDialect
	Database version: 10.4.32
	Default catalog/schema: cinema/undefined
	Autocommit mode: false
	Isolation level: REPEATABLE_READ
	JDBC fetch size: none
	Pool: DriverManagerConnectionProvider
	Minimum pool size: 1
	Maximum pool size: 20
juil. 31, 2026 10:06:19 AM org.hibernate.engine.transaction.jta.platform.internal.JtaPlatformInitiator initiateService
INFO: HHH000489: No JTA platform available (set 'hibernate.transaction.jta.platform' to enable JTA platform integration)
[ WARN] (main) Error: 1064-42000: You have an error in your SQL syntax; check the manual that corresponds to your MariaDB server version for the right syntax to use near 'if exists acteur add constraint FKt8as6025yt40n1ogt4p5jbrup foreign key (id_l...' at line 1
juil. 31, 2026 10:06:19 AM org.hibernate.tool.schema.internal.ExceptionHandlerLoggedImpl handleException
WARN: GenerationTarget encountered exception accepting command : Error executing DDL "alter table if exists acteur add constraint FKt8as6025yt40n1ogt4p5jbrup foreign key (id_lieu_de_naissance) references lieu_de_naissance (id)" via JDBC [(conn=9) You have an error in your SQL syntax; check the manual that corresponds to your MariaDB server version for the right syntax to use near 'if exists acteur add constraint FKt8as6025yt40n1ogt4p5jbrup foreign key (id_l...' at line 1]
org.hibernate.tool.schema.spi.CommandAcceptanceException: Error executing DDL "alter table if exists acteur add constraint FKt8as6025yt40n1ogt4p5jbrup foreign key (id_lieu_de_naissance) references lieu_de_naissance (id)" via JDBC [(conn=9) You have an error in your SQL syntax; check the manual that corresponds to your MariaDB server version for the right syntax to use near 'if exists acteur add constraint FKt8as6025yt40n1ogt4p5jbrup foreign key (id_l...' at line 1]
	at org.hibernate.tool.schema.internal.exec.GenerationTargetToDatabase.accept(GenerationTargetToDatabase.java:91)
	at org.hibernate.tool.schema.internal.AbstractSchemaMigrator.applySqlString(AbstractSchemaMigrator.java:566)
	at org.hibernate.tool.schema.internal.AbstractSchemaMigrator.applySqlStrings(AbstractSchemaMigrator.java:506)
	at org.hibernate.tool.schema.internal.AbstractSchemaMigrator.applyForeignKeys(AbstractSchemaMigrator.java:438)
	at org.hibernate.tool.schema.internal.AbstractSchemaMigrator.performMigration(AbstractSchemaMigrator.java:256)
	at org.hibernate.tool.schema.internal.AbstractSchemaMigrator.doMigration(AbstractSchemaMigrator.java:96)
	at org.hibernate.tool.schema.spi.SchemaManagementToolCoordinator.performDatabaseAction(SchemaManagementToolCoordinator.java:269)
	at org.hibernate.tool.schema.spi.SchemaManagementToolCoordinator.lambda$process$1(SchemaManagementToolCoordinator.java:101)
	at java.base/java.util.HashMap.forEach(HashMap.java:1430)
	at org.hibernate.tool.schema.spi.SchemaManagementToolCoordinator.process(SchemaManagementToolCoordinator.java:100)
	at org.hibernate.boot.internal.SessionFactoryObserverForSchemaExport.sessionFactoryCreated(SessionFactoryObserverForSchemaExport.java:35)
	at org.hibernate.internal.SessionFactoryObserverChain.sessionFactoryCreated(SessionFactoryObserverChain.java:33)
	at org.hibernate.internal.SessionFactoryImpl.<init>(SessionFactoryImpl.java:327)
	at org.hibernate.internal.SessionFactoryRegistry.instantiateSessionFactory(SessionFactoryRegistry.java:64)
	at org.hibernate.boot.internal.SessionFactoryBuilderImpl.build(SessionFactoryBuilderImpl.java:458)
	at org.hibernate.jpa.boot.internal.EntityManagerFactoryBuilderImpl.build(EntityManagerFactoryBuilderImpl.java:1452)
	at org.hibernate.jpa.HibernatePersistenceProvider.createEntityManagerFactory(HibernatePersistenceProvider.java:59)
	at jakarta.persistence.Persistence.createEntityManagerFactory(Persistence.java:90)
	at jakarta.persistence.Persistence.createEntityManagerFactory(Persistence.java:66)
	at fr.imdb.app.ImportApp.main(ImportApp.java:21)
Caused by: java.sql.SQLSyntaxErrorException: (conn=9) You have an error in your SQL syntax; check the manual that corresponds to your MariaDB server version for the right syntax to use near 'if exists acteur add constraint FKt8as6025yt40n1ogt4p5jbrup foreign key (id_l...' at line 1
	at org.mariadb.jdbc.export.ExceptionFactory.createException(ExceptionFactory.java:308)
	at org.mariadb.jdbc.export.ExceptionFactory.create(ExceptionFactory.java:402)
	at org.mariadb.jdbc.message.ClientMessage.readPacket(ClientMessage.java:195)
	at org.mariadb.jdbc.client.impl.StandardClient.readPacket(StandardClient.java:1438)
	at org.mariadb.jdbc.client.impl.StandardClient.readResults(StandardClient.java:1377)
	at org.mariadb.jdbc.client.impl.StandardClient.readResponse(StandardClient.java:1296)
	at org.mariadb.jdbc.client.impl.StandardClient.execute(StandardClient.java:1220)
	at org.mariadb.jdbc.Statement.executeInternal(Statement.java:1003)
	at org.mariadb.jdbc.Statement.execute(Statement.java:1132)
	at org.mariadb.jdbc.Statement.execute(Statement.java:471)
	at org.hibernate.tool.schema.internal.exec.GenerationTargetToDatabase.accept(GenerationTargetToDatabase.java:86)
	... 19 more

[ WARN] (main) Error: 1064-42000: You have an error in your SQL syntax; check the manual that corresponds to your MariaDB server version for the right syntax to use near 'if exists film add constraint FKmpl9vcl4fhi0plbv8y06hnyp2 foreign key (id_lan...' at line 1
juil. 31, 2026 10:06:19 AM org.hibernate.tool.schema.internal.ExceptionHandlerLoggedImpl handleException
WARN: GenerationTarget encountered exception accepting command : Error executing DDL "alter table if exists film add constraint FKmpl9vcl4fhi0plbv8y06hnyp2 foreign key (id_langue) references langue (id)" via JDBC [(conn=9) You have an error in your SQL syntax; check the manual that corresponds to your MariaDB server version for the right syntax to use near 'if exists film add constraint FKmpl9vcl4fhi0plbv8y06hnyp2 foreign key (id_lan...' at line 1]
org.hibernate.tool.schema.spi.CommandAcceptanceException: Error executing DDL "alter table if exists film add constraint FKmpl9vcl4fhi0plbv8y06hnyp2 foreign key (id_langue) references langue (id)" via JDBC [(conn=9) You have an error in your SQL syntax; check the manual that corresponds to your MariaDB server version for the right syntax to use near 'if exists film add constraint FKmpl9vcl4fhi0plbv8y06hnyp2 foreign key (id_lan...' at line 1]
	at org.hibernate.tool.schema.internal.exec.GenerationTargetToDatabase.accept(GenerationTargetToDatabase.java:91)
	at org.hibernate.tool.schema.internal.AbstractSchemaMigrator.applySqlString(AbstractSchemaMigrator.java:566)
	at org.hibernate.tool.schema.internal.AbstractSchemaMigrator.applySqlStrings(AbstractSchemaMigrator.java:506)
	at org.hibernate.tool.schema.internal.AbstractSchemaMigrator.applyForeignKeys(AbstractSchemaMigrator.java:438)
	at org.hibernate.tool.schema.internal.AbstractSchemaMigrator.performMigration(AbstractSchemaMigrator.java:256)
	at org.hibernate.tool.schema.internal.AbstractSchemaMigrator.doMigration(AbstractSchemaMigrator.java:96)
	at org.hibernate.tool.schema.spi.SchemaManagementToolCoordinator.performDatabaseAction(SchemaManagementToolCoordinator.java:269)
	at org.hibernate.tool.schema.spi.SchemaManagementToolCoordinator.lambda$process$1(SchemaManagementToolCoordinator.java:101)
	at java.base/java.util.HashMap.forEach(HashMap.java:1430)
	at org.hibernate.tool.schema.spi.SchemaManagementToolCoordinator.process(SchemaManagementToolCoordinator.java:100)
	at org.hibernate.boot.internal.SessionFactoryObserverForSchemaExport.sessionFactoryCreated(SessionFactoryObserverForSchemaExport.java:35)
	at org.hibernate.internal.SessionFactoryObserverChain.sessionFactoryCreated(SessionFactoryObserverChain.java:33)
	at org.hibernate.internal.SessionFactoryImpl.<init>(SessionFactoryImpl.java:327)
	at org.hibernate.internal.SessionFactoryRegistry.instantiateSessionFactory(SessionFactoryRegistry.java:64)
	at org.hibernate.boot.internal.SessionFactoryBuilderImpl.build(SessionFactoryBuilderImpl.java:458)
	at org.hibernate.jpa.boot.internal.EntityManagerFactoryBuilderImpl.build(EntityManagerFactoryBuilderImpl.java:1452)
	at org.hibernate.jpa.HibernatePersistenceProvider.createEntityManagerFactory(HibernatePersistenceProvider.java:59)
	at jakarta.persistence.Persistence.createEntityManagerFactory(Persistence.java:90)
	at jakarta.persistence.Persistence.createEntityManagerFactory(Persistence.java:66)
	at fr.imdb.app.ImportApp.main(ImportApp.java:21)
Caused by: java.sql.SQLSyntaxErrorException: (conn=9) You have an error in your SQL syntax; check the manual that corresponds to your MariaDB server version for the right syntax to use near 'if exists film add constraint FKmpl9vcl4fhi0plbv8y06hnyp2 foreign key (id_lan...' at line 1
	at org.mariadb.jdbc.export.ExceptionFactory.createException(ExceptionFactory.java:308)
	at org.mariadb.jdbc.export.ExceptionFactory.create(ExceptionFactory.java:402)
	at org.mariadb.jdbc.message.ClientMessage.readPacket(ClientMessage.java:195)
	at org.mariadb.jdbc.client.impl.StandardClient.readPacket(StandardClient.java:1438)
	at org.mariadb.jdbc.client.impl.StandardClient.readResults(StandardClient.java:1377)
	at org.mariadb.jdbc.client.impl.StandardClient.readResponse(StandardClient.java:1296)
	at org.mariadb.jdbc.client.impl.StandardClient.execute(StandardClient.java:1220)
	at org.mariadb.jdbc.Statement.executeInternal(Statement.java:1003)
	at org.mariadb.jdbc.Statement.execute(Statement.java:1132)
	at org.mariadb.jdbc.Statement.execute(Statement.java:471)
	at org.hibernate.tool.schema.internal.exec.GenerationTargetToDatabase.accept(GenerationTargetToDatabase.java:86)
	... 19 more

[ WARN] (main) Error: 1064-42000: You have an error in your SQL syntax; check the manual that corresponds to your MariaDB server version for the right syntax to use near 'if exists film add constraint FK4iijhvy9nsd2oyw478kn6scp2 foreign key (id_lie...' at line 1
juil. 31, 2026 10:06:19 AM org.hibernate.tool.schema.internal.ExceptionHandlerLoggedImpl handleException
WARN: GenerationTarget encountered exception accepting command : Error executing DDL "alter table if exists film add constraint FK4iijhvy9nsd2oyw478kn6scp2 foreign key (id_lieu_de_tournage) references lieu_de_tournage (id)" via JDBC [(conn=9) You have an error in your SQL syntax; check the manual that corresponds to your MariaDB server version for the right syntax to use near 'if exists film add constraint FK4iijhvy9nsd2oyw478kn6scp2 foreign key (id_lie...' at line 1]
org.hibernate.tool.schema.spi.CommandAcceptanceException: Error executing DDL "alter table if exists film add constraint FK4iijhvy9nsd2oyw478kn6scp2 foreign key (id_lieu_de_tournage) references lieu_de_tournage (id)" via JDBC [(conn=9) You have an error in your SQL syntax; check the manual that corresponds to your MariaDB server version for the right syntax to use near 'if exists film add constraint FK4iijhvy9nsd2oyw478kn6scp2 foreign key (id_lie...' at line 1]
	at org.hibernate.tool.schema.internal.exec.GenerationTargetToDatabase.accept(GenerationTargetToDatabase.java:91)
	at org.hibernate.tool.schema.internal.AbstractSchemaMigrator.applySqlString(AbstractSchemaMigrator.java:566)
	at org.hibernate.tool.schema.internal.AbstractSchemaMigrator.applySqlStrings(AbstractSchemaMigrator.java:506)
	at org.hibernate.tool.schema.internal.AbstractSchemaMigrator.applyForeignKeys(AbstractSchemaMigrator.java:438)
	at org.hibernate.tool.schema.internal.AbstractSchemaMigrator.performMigration(AbstractSchemaMigrator.java:256)
	at org.hibernate.tool.schema.internal.AbstractSchemaMigrator.doMigration(AbstractSchemaMigrator.java:96)
	at org.hibernate.tool.schema.spi.SchemaManagementToolCoordinator.performDatabaseAction(SchemaManagementToolCoordinator.java:269)
	at org.hibernate.tool.schema.spi.SchemaManagementToolCoordinator.lambda$process$1(SchemaManagementToolCoordinator.java:101)
	at java.base/java.util.HashMap.forEach(HashMap.java:1430)
	at org.hibernate.tool.schema.spi.SchemaManagementToolCoordinator.process(SchemaManagementToolCoordinator.java:100)
	at org.hibernate.boot.internal.SessionFactoryObserverForSchemaExport.sessionFactoryCreated(SessionFactoryObserverForSchemaExport.java:35)
	at org.hibernate.internal.SessionFactoryObserverChain.sessionFactoryCreated(SessionFactoryObserverChain.java:33)
	at org.hibernate.internal.SessionFactoryImpl.<init>(SessionFactoryImpl.java:327)
	at org.hibernate.internal.SessionFactoryRegistry.instantiateSessionFactory(SessionFactoryRegistry.java:64)
	at org.hibernate.boot.internal.SessionFactoryBuilderImpl.build(SessionFactoryBuilderImpl.java:458)
	at org.hibernate.jpa.boot.internal.EntityManagerFactoryBuilderImpl.build(EntityManagerFactoryBuilderImpl.java:1452)
	at org.hibernate.jpa.HibernatePersistenceProvider.createEntityManagerFactory(HibernatePersistenceProvider.java:59)
	at jakarta.persistence.Persistence.createEntityManagerFactory(Persistence.java:90)
	at jakarta.persistence.Persistence.createEntityManagerFactory(Persistence.java:66)
	at fr.imdb.app.ImportApp.main(ImportApp.java:21)
Caused by: java.sql.SQLSyntaxErrorException: (conn=9) You have an error in your SQL syntax; check the manual that corresponds to your MariaDB server version for the right syntax to use near 'if exists film add constraint FK4iijhvy9nsd2oyw478kn6scp2 foreign key (id_lie...' at line 1
	at org.mariadb.jdbc.export.ExceptionFactory.createException(ExceptionFactory.java:308)
	at org.mariadb.jdbc.export.ExceptionFactory.create(ExceptionFactory.java:402)
	at org.mariadb.jdbc.message.ClientMessage.readPacket(ClientMessage.java:195)
	at org.mariadb.jdbc.client.impl.StandardClient.readPacket(StandardClient.java:1438)
	at org.mariadb.jdbc.client.impl.StandardClient.readResults(StandardClient.java:1377)
	at org.mariadb.jdbc.client.impl.StandardClient.readResponse(StandardClient.java:1296)
	at org.mariadb.jdbc.client.impl.StandardClient.execute(StandardClient.java:1220)
	at org.mariadb.jdbc.Statement.executeInternal(Statement.java:1003)
	at org.mariadb.jdbc.Statement.execute(Statement.java:1132)
	at org.mariadb.jdbc.Statement.execute(Statement.java:471)
	at org.hibernate.tool.schema.internal.exec.GenerationTargetToDatabase.accept(GenerationTargetToDatabase.java:86)
	... 19 more

[ WARN] (main) Error: 1064-42000: You have an error in your SQL syntax; check the manual that corresponds to your MariaDB server version for the right syntax to use near 'if exists film add constraint FK62mvu5std7xw14ynsaqv2w369 foreign key (id_pay...' at line 1
juil. 31, 2026 10:06:19 AM org.hibernate.tool.schema.internal.ExceptionHandlerLoggedImpl handleException
WARN: GenerationTarget encountered exception accepting command : Error executing DDL "alter table if exists film add constraint FK62mvu5std7xw14ynsaqv2w369 foreign key (id_pays) references pays (id)" via JDBC [(conn=9) You have an error in your SQL syntax; check the manual that corresponds to your MariaDB server version for the right syntax to use near 'if exists film add constraint FK62mvu5std7xw14ynsaqv2w369 foreign key (id_pay...' at line 1]
org.hibernate.tool.schema.spi.CommandAcceptanceException: Error executing DDL "alter table if exists film add constraint FK62mvu5std7xw14ynsaqv2w369 foreign key (id_pays) references pays (id)" via JDBC [(conn=9) You have an error in your SQL syntax; check the manual that corresponds to your MariaDB server version for the right syntax to use near 'if exists film add constraint FK62mvu5std7xw14ynsaqv2w369 foreign key (id_pay...' at line 1]
	at org.hibernate.tool.schema.internal.exec.GenerationTargetToDatabase.accept(GenerationTargetToDatabase.java:91)
	at org.hibernate.tool.schema.internal.AbstractSchemaMigrator.applySqlString(AbstractSchemaMigrator.java:566)
	at org.hibernate.tool.schema.internal.AbstractSchemaMigrator.applySqlStrings(AbstractSchemaMigrator.java:506)
	at org.hibernate.tool.schema.internal.AbstractSchemaMigrator.applyForeignKeys(AbstractSchemaMigrator.java:438)
	at org.hibernate.tool.schema.internal.AbstractSchemaMigrator.performMigration(AbstractSchemaMigrator.java:256)
	at org.hibernate.tool.schema.internal.AbstractSchemaMigrator.doMigration(AbstractSchemaMigrator.java:96)
	at org.hibernate.tool.schema.spi.SchemaManagementToolCoordinator.performDatabaseAction(SchemaManagementToolCoordinator.java:269)
	at org.hibernate.tool.schema.spi.SchemaManagementToolCoordinator.lambda$process$1(SchemaManagementToolCoordinator.java:101)
	at java.base/java.util.HashMap.forEach(HashMap.java:1430)
	at org.hibernate.tool.schema.spi.SchemaManagementToolCoordinator.process(SchemaManagementToolCoordinator.java:100)
	at org.hibernate.boot.internal.SessionFactoryObserverForSchemaExport.sessionFactoryCreated(SessionFactoryObserverForSchemaExport.java:35)
	at org.hibernate.internal.SessionFactoryObserverChain.sessionFactoryCreated(SessionFactoryObserverChain.java:33)
	at org.hibernate.internal.SessionFactoryImpl.<init>(SessionFactoryImpl.java:327)
	at org.hibernate.internal.SessionFactoryRegistry.instantiateSessionFactory(SessionFactoryRegistry.java:64)
	at org.hibernate.boot.internal.SessionFactoryBuilderImpl.build(SessionFactoryBuilderImpl.java:458)
	at org.hibernate.jpa.boot.internal.EntityManagerFactoryBuilderImpl.build(EntityManagerFactoryBuilderImpl.java:1452)
	at org.hibernate.jpa.HibernatePersistenceProvider.createEntityManagerFactory(HibernatePersistenceProvider.java:59)
	at jakarta.persistence.Persistence.createEntityManagerFactory(Persistence.java:90)
	at jakarta.persistence.Persistence.createEntityManagerFactory(Persistence.java:66)
	at fr.imdb.app.ImportApp.main(ImportApp.java:21)
Caused by: java.sql.SQLSyntaxErrorException: (conn=9) You have an error in your SQL syntax; check the manual that corresponds to your MariaDB server version for the right syntax to use near 'if exists film add constraint FK62mvu5std7xw14ynsaqv2w369 foreign key (id_pay...' at line 1
	at org.mariadb.jdbc.export.ExceptionFactory.createException(ExceptionFactory.java:308)
	at org.mariadb.jdbc.export.ExceptionFactory.create(ExceptionFactory.java:402)
	at org.mariadb.jdbc.message.ClientMessage.readPacket(ClientMessage.java:195)
	at org.mariadb.jdbc.client.impl.StandardClient.readPacket(StandardClient.java:1438)
	at org.mariadb.jdbc.client.impl.StandardClient.readResults(StandardClient.java:1377)
	at org.mariadb.jdbc.client.impl.StandardClient.readResponse(StandardClient.java:1296)
	at org.mariadb.jdbc.client.impl.StandardClient.execute(StandardClient.java:1220)
	at org.mariadb.jdbc.Statement.executeInternal(Statement.java:1003)
	at org.mariadb.jdbc.Statement.execute(Statement.java:1132)
	at org.mariadb.jdbc.Statement.execute(Statement.java:471)
	at org.hibernate.tool.schema.internal.exec.GenerationTargetToDatabase.accept(GenerationTargetToDatabase.java:86)
	... 19 more

[ WARN] (main) Error: 1064-42000: You have an error in your SQL syntax; check the manual that corresponds to your MariaDB server version for the right syntax to use near 'if exists film_genre add constraint FKiv9hg0macphhas2cxru1r1rcs foreign key (...' at line 1
juil. 31, 2026 10:06:19 AM org.hibernate.tool.schema.internal.ExceptionHandlerLoggedImpl handleException
WARN: GenerationTarget encountered exception accepting command : Error executing DDL "alter table if exists film_genre add constraint FKiv9hg0macphhas2cxru1r1rcs foreign key (id_film) references film (id_imdb)" via JDBC [(conn=9) You have an error in your SQL syntax; check the manual that corresponds to your MariaDB server version for the right syntax to use near 'if exists film_genre add constraint FKiv9hg0macphhas2cxru1r1rcs foreign key (...' at line 1]
org.hibernate.tool.schema.spi.CommandAcceptanceException: Error executing DDL "alter table if exists film_genre add constraint FKiv9hg0macphhas2cxru1r1rcs foreign key (id_film) references film (id_imdb)" via JDBC [(conn=9) You have an error in your SQL syntax; check the manual that corresponds to your MariaDB server version for the right syntax to use near 'if exists film_genre add constraint FKiv9hg0macphhas2cxru1r1rcs foreign key (...' at line 1]
	at org.hibernate.tool.schema.internal.exec.GenerationTargetToDatabase.accept(GenerationTargetToDatabase.java:91)
	at org.hibernate.tool.schema.internal.AbstractSchemaMigrator.applySqlString(AbstractSchemaMigrator.java:566)
	at org.hibernate.tool.schema.internal.AbstractSchemaMigrator.applySqlStrings(AbstractSchemaMigrator.java:506)
	at org.hibernate.tool.schema.internal.AbstractSchemaMigrator.applyForeignKeys(AbstractSchemaMigrator.java:438)
	at org.hibernate.tool.schema.internal.AbstractSchemaMigrator.performMigration(AbstractSchemaMigrator.java:256)
	at org.hibernate.tool.schema.internal.AbstractSchemaMigrator.doMigration(AbstractSchemaMigrator.java:96)
	at org.hibernate.tool.schema.spi.SchemaManagementToolCoordinator.performDatabaseAction(SchemaManagementToolCoordinator.java:269)
	at org.hibernate.tool.schema.spi.SchemaManagementToolCoordinator.lambda$process$1(SchemaManagementToolCoordinator.java:101)
	at java.base/java.util.HashMap.forEach(HashMap.java:1430)
	at org.hibernate.tool.schema.spi.SchemaManagementToolCoordinator.process(SchemaManagementToolCoordinator.java:100)
	at org.hibernate.boot.internal.SessionFactoryObserverForSchemaExport.sessionFactoryCreated(SessionFactoryObserverForSchemaExport.java:35)
	at org.hibernate.internal.SessionFactoryObserverChain.sessionFactoryCreated(SessionFactoryObserverChain.java:33)
	at org.hibernate.internal.SessionFactoryImpl.<init>(SessionFactoryImpl.java:327)
	at org.hibernate.internal.SessionFactoryRegistry.instantiateSessionFactory(SessionFactoryRegistry.java:64)
	at org.hibernate.boot.internal.SessionFactoryBuilderImpl.build(SessionFactoryBuilderImpl.java:458)
	at org.hibernate.jpa.boot.internal.EntityManagerFactoryBuilderImpl.build(EntityManagerFactoryBuilderImpl.java:1452)
	at org.hibernate.jpa.HibernatePersistenceProvider.createEntityManagerFactory(HibernatePersistenceProvider.java:59)
	at jakarta.persistence.Persistence.createEntityManagerFactory(Persistence.java:90)
	at jakarta.persistence.Persistence.createEntityManagerFactory(Persistence.java:66)
	at fr.imdb.app.ImportApp.main(ImportApp.java:21)
Caused by: java.sql.SQLSyntaxErrorException: (conn=9) You have an error in your SQL syntax; check the manual that corresponds to your MariaDB server version for the right syntax to use near 'if exists film_genre add constraint FKiv9hg0macphhas2cxru1r1rcs foreign key (...' at line 1
	at org.mariadb.jdbc.export.ExceptionFactory.createException(ExceptionFactory.java:308)
	at org.mariadb.jdbc.export.ExceptionFactory.create(ExceptionFactory.java:402)
	at org.mariadb.jdbc.message.ClientMessage.readPacket(ClientMessage.java:195)
	at org.mariadb.jdbc.client.impl.StandardClient.readPacket(StandardClient.java:1438)
	at org.mariadb.jdbc.client.impl.StandardClient.readResults(StandardClient.java:1377)
	at org.mariadb.jdbc.client.impl.StandardClient.readResponse(StandardClient.java:1296)
	at org.mariadb.jdbc.client.impl.StandardClient.execute(StandardClient.java:1220)
	at org.mariadb.jdbc.Statement.executeInternal(Statement.java:1003)
	at org.mariadb.jdbc.Statement.execute(Statement.java:1132)
	at org.mariadb.jdbc.Statement.execute(Statement.java:471)
	at org.hibernate.tool.schema.internal.exec.GenerationTargetToDatabase.accept(GenerationTargetToDatabase.java:86)
	... 19 more

[ WARN] (main) Error: 1064-42000: You have an error in your SQL syntax; check the manual that corresponds to your MariaDB server version for the right syntax to use near 'if exists realisateur add constraint FK3jpf6c9y7n5jliowebt984mag foreign key ...' at line 1
juil. 31, 2026 10:06:19 AM org.hibernate.tool.schema.internal.ExceptionHandlerLoggedImpl handleException
WARN: GenerationTarget encountered exception accepting command : Error executing DDL "alter table if exists realisateur add constraint FK3jpf6c9y7n5jliowebt984mag foreign key (id_lieu_de_naissance) references lieu_de_naissance (id)" via JDBC [(conn=9) You have an error in your SQL syntax; check the manual that corresponds to your MariaDB server version for the right syntax to use near 'if exists realisateur add constraint FK3jpf6c9y7n5jliowebt984mag foreign key ...' at line 1]
org.hibernate.tool.schema.spi.CommandAcceptanceException: Error executing DDL "alter table if exists realisateur add constraint FK3jpf6c9y7n5jliowebt984mag foreign key (id_lieu_de_naissance) references lieu_de_naissance (id)" via JDBC [(conn=9) You have an error in your SQL syntax; check the manual that corresponds to your MariaDB server version for the right syntax to use near 'if exists realisateur add constraint FK3jpf6c9y7n5jliowebt984mag foreign key ...' at line 1]
	at org.hibernate.tool.schema.internal.exec.GenerationTargetToDatabase.accept(GenerationTargetToDatabase.java:91)
	at org.hibernate.tool.schema.internal.AbstractSchemaMigrator.applySqlString(AbstractSchemaMigrator.java:566)
	at org.hibernate.tool.schema.internal.AbstractSchemaMigrator.applySqlStrings(AbstractSchemaMigrator.java:506)
	at org.hibernate.tool.schema.internal.AbstractSchemaMigrator.applyForeignKeys(AbstractSchemaMigrator.java:438)
	at org.hibernate.tool.schema.internal.AbstractSchemaMigrator.performMigration(AbstractSchemaMigrator.java:256)
	at org.hibernate.tool.schema.internal.AbstractSchemaMigrator.doMigration(AbstractSchemaMigrator.java:96)
	at org.hibernate.tool.schema.spi.SchemaManagementToolCoordinator.performDatabaseAction(SchemaManagementToolCoordinator.java:269)
	at org.hibernate.tool.schema.spi.SchemaManagementToolCoordinator.lambda$process$1(SchemaManagementToolCoordinator.java:101)
	at java.base/java.util.HashMap.forEach(HashMap.java:1430)
	at org.hibernate.tool.schema.spi.SchemaManagementToolCoordinator.process(SchemaManagementToolCoordinator.java:100)
	at org.hibernate.boot.internal.SessionFactoryObserverForSchemaExport.sessionFactoryCreated(SessionFactoryObserverForSchemaExport.java:35)
	at org.hibernate.internal.SessionFactoryObserverChain.sessionFactoryCreated(SessionFactoryObserverChain.java:33)
	at org.hibernate.internal.SessionFactoryImpl.<init>(SessionFactoryImpl.java:327)
	at org.hibernate.internal.SessionFactoryRegistry.instantiateSessionFactory(SessionFactoryRegistry.java:64)
	at org.hibernate.boot.internal.SessionFactoryBuilderImpl.build(SessionFactoryBuilderImpl.java:458)
	at org.hibernate.jpa.boot.internal.EntityManagerFactoryBuilderImpl.build(EntityManagerFactoryBuilderImpl.java:1452)
	at org.hibernate.jpa.HibernatePersistenceProvider.createEntityManagerFactory(HibernatePersistenceProvider.java:59)
	at jakarta.persistence.Persistence.createEntityManagerFactory(Persistence.java:90)
	at jakarta.persistence.Persistence.createEntityManagerFactory(Persistence.java:66)
	at fr.imdb.app.ImportApp.main(ImportApp.java:21)
Caused by: java.sql.SQLSyntaxErrorException: (conn=9) You have an error in your SQL syntax; check the manual that corresponds to your MariaDB server version for the right syntax to use near 'if exists realisateur add constraint FK3jpf6c9y7n5jliowebt984mag foreign key ...' at line 1
	at org.mariadb.jdbc.export.ExceptionFactory.createException(ExceptionFactory.java:308)
	at org.mariadb.jdbc.export.ExceptionFactory.create(ExceptionFactory.java:402)
	at org.mariadb.jdbc.message.ClientMessage.readPacket(ClientMessage.java:195)
	at org.mariadb.jdbc.client.impl.StandardClient.readPacket(StandardClient.java:1438)
	at org.mariadb.jdbc.client.impl.StandardClient.readResults(StandardClient.java:1377)
	at org.mariadb.jdbc.client.impl.StandardClient.readResponse(StandardClient.java:1296)
	at org.mariadb.jdbc.client.impl.StandardClient.execute(StandardClient.java:1220)
	at org.mariadb.jdbc.Statement.executeInternal(Statement.java:1003)
	at org.mariadb.jdbc.Statement.execute(Statement.java:1132)
	at org.mariadb.jdbc.Statement.execute(Statement.java:471)
	at org.hibernate.tool.schema.internal.exec.GenerationTargetToDatabase.accept(GenerationTargetToDatabase.java:86)
	... 19 more

[ WARN] (main) Error: 1064-42000: You have an error in your SQL syntax; check the manual that corresponds to your MariaDB server version for the right syntax to use near 'if exists realisateur_film add constraint FK7qml5lyxu1nnx7omd1s75mg6u foreign...' at line 1
juil. 31, 2026 10:06:19 AM org.hibernate.tool.schema.internal.ExceptionHandlerLoggedImpl handleException
WARN: GenerationTarget encountered exception accepting command : Error executing DDL "alter table if exists realisateur_film add constraint FK7qml5lyxu1nnx7omd1s75mg6u foreign key (id_film) references film (id_imdb)" via JDBC [(conn=9) You have an error in your SQL syntax; check the manual that corresponds to your MariaDB server version for the right syntax to use near 'if exists realisateur_film add constraint FK7qml5lyxu1nnx7omd1s75mg6u foreign...' at line 1]
org.hibernate.tool.schema.spi.CommandAcceptanceException: Error executing DDL "alter table if exists realisateur_film add constraint FK7qml5lyxu1nnx7omd1s75mg6u foreign key (id_film) references film (id_imdb)" via JDBC [(conn=9) You have an error in your SQL syntax; check the manual that corresponds to your MariaDB server version for the right syntax to use near 'if exists realisateur_film add constraint FK7qml5lyxu1nnx7omd1s75mg6u foreign...' at line 1]
	at org.hibernate.tool.schema.internal.exec.GenerationTargetToDatabase.accept(GenerationTargetToDatabase.java:91)
	at org.hibernate.tool.schema.internal.AbstractSchemaMigrator.applySqlString(AbstractSchemaMigrator.java:566)
	at org.hibernate.tool.schema.internal.AbstractSchemaMigrator.applySqlStrings(AbstractSchemaMigrator.java:506)
	at org.hibernate.tool.schema.internal.AbstractSchemaMigrator.applyForeignKeys(AbstractSchemaMigrator.java:438)
	at org.hibernate.tool.schema.internal.AbstractSchemaMigrator.performMigration(AbstractSchemaMigrator.java:256)
	at org.hibernate.tool.schema.internal.AbstractSchemaMigrator.doMigration(AbstractSchemaMigrator.java:96)
	at org.hibernate.tool.schema.spi.SchemaManagementToolCoordinator.performDatabaseAction(SchemaManagementToolCoordinator.java:269)
	at org.hibernate.tool.schema.spi.SchemaManagementToolCoordinator.lambda$process$1(SchemaManagementToolCoordinator.java:101)
	at java.base/java.util.HashMap.forEach(HashMap.java:1430)
	at org.hibernate.tool.schema.spi.SchemaManagementToolCoordinator.process(SchemaManagementToolCoordinator.java:100)
	at org.hibernate.boot.internal.SessionFactoryObserverForSchemaExport.sessionFactoryCreated(SessionFactoryObserverForSchemaExport.java:35)
	at org.hibernate.internal.SessionFactoryObserverChain.sessionFactoryCreated(SessionFactoryObserverChain.java:33)
	at org.hibernate.internal.SessionFactoryImpl.<init>(SessionFactoryImpl.java:327)
	at org.hibernate.internal.SessionFactoryRegistry.instantiateSessionFactory(SessionFactoryRegistry.java:64)
	at org.hibernate.boot.internal.SessionFactoryBuilderImpl.build(SessionFactoryBuilderImpl.java:458)
	at org.hibernate.jpa.boot.internal.EntityManagerFactoryBuilderImpl.build(EntityManagerFactoryBuilderImpl.java:1452)
	at org.hibernate.jpa.HibernatePersistenceProvider.createEntityManagerFactory(HibernatePersistenceProvider.java:59)
	at jakarta.persistence.Persistence.createEntityManagerFactory(Persistence.java:90)
	at jakarta.persistence.Persistence.createEntityManagerFactory(Persistence.java:66)
	at fr.imdb.app.ImportApp.main(ImportApp.java:21)
Caused by: java.sql.SQLSyntaxErrorException: (conn=9) You have an error in your SQL syntax; check the manual that corresponds to your MariaDB server version for the right syntax to use near 'if exists realisateur_film add constraint FK7qml5lyxu1nnx7omd1s75mg6u foreign...' at line 1
	at org.mariadb.jdbc.export.ExceptionFactory.createException(ExceptionFactory.java:308)
	at org.mariadb.jdbc.export.ExceptionFactory.create(ExceptionFactory.java:402)
	at org.mariadb.jdbc.message.ClientMessage.readPacket(ClientMessage.java:195)
	at org.mariadb.jdbc.client.impl.StandardClient.readPacket(StandardClient.java:1438)
	at org.mariadb.jdbc.client.impl.StandardClient.readResults(StandardClient.java:1377)
	at org.mariadb.jdbc.client.impl.StandardClient.readResponse(StandardClient.java:1296)
	at org.mariadb.jdbc.client.impl.StandardClient.execute(StandardClient.java:1220)
	at org.mariadb.jdbc.Statement.executeInternal(Statement.java:1003)
	at org.mariadb.jdbc.Statement.execute(Statement.java:1132)
	at org.mariadb.jdbc.Statement.execute(Statement.java:471)
	at org.hibernate.tool.schema.internal.exec.GenerationTargetToDatabase.accept(GenerationTargetToDatabase.java:86)
	... 19 more

[ WARN] (main) Error: 1064-42000: You have an error in your SQL syntax; check the manual that corresponds to your MariaDB server version for the right syntax to use near 'if exists realisateur_film add constraint FKpvffx278rj7vqosqxyenfcqk8 foreign...' at line 1
juil. 31, 2026 10:06:19 AM org.hibernate.tool.schema.internal.ExceptionHandlerLoggedImpl handleException
WARN: GenerationTarget encountered exception accepting command : Error executing DDL "alter table if exists realisateur_film add constraint FKpvffx278rj7vqosqxyenfcqk8 foreign key (id_realisateur) references realisateur (id_imdb)" via JDBC [(conn=9) You have an error in your SQL syntax; check the manual that corresponds to your MariaDB server version for the right syntax to use near 'if exists realisateur_film add constraint FKpvffx278rj7vqosqxyenfcqk8 foreign...' at line 1]
org.hibernate.tool.schema.spi.CommandAcceptanceException: Error executing DDL "alter table if exists realisateur_film add constraint FKpvffx278rj7vqosqxyenfcqk8 foreign key (id_realisateur) references realisateur (id_imdb)" via JDBC [(conn=9) You have an error in your SQL syntax; check the manual that corresponds to your MariaDB server version for the right syntax to use near 'if exists realisateur_film add constraint FKpvffx278rj7vqosqxyenfcqk8 foreign...' at line 1]
	at org.hibernate.tool.schema.internal.exec.GenerationTargetToDatabase.accept(GenerationTargetToDatabase.java:91)
	at org.hibernate.tool.schema.internal.AbstractSchemaMigrator.applySqlString(AbstractSchemaMigrator.java:566)
	at org.hibernate.tool.schema.internal.AbstractSchemaMigrator.applySqlStrings(AbstractSchemaMigrator.java:506)
	at org.hibernate.tool.schema.internal.AbstractSchemaMigrator.applyForeignKeys(AbstractSchemaMigrator.java:438)
	at org.hibernate.tool.schema.internal.AbstractSchemaMigrator.performMigration(AbstractSchemaMigrator.java:256)
	at org.hibernate.tool.schema.internal.AbstractSchemaMigrator.doMigration(AbstractSchemaMigrator.java:96)
	at org.hibernate.tool.schema.spi.SchemaManagementToolCoordinator.performDatabaseAction(SchemaManagementToolCoordinator.java:269)
	at org.hibernate.tool.schema.spi.SchemaManagementToolCoordinator.lambda$process$1(SchemaManagementToolCoordinator.java:101)
	at java.base/java.util.HashMap.forEach(HashMap.java:1430)
	at org.hibernate.tool.schema.spi.SchemaManagementToolCoordinator.process(SchemaManagementToolCoordinator.java:100)
	at org.hibernate.boot.internal.SessionFactoryObserverForSchemaExport.sessionFactoryCreated(SessionFactoryObserverForSchemaExport.java:35)
	at org.hibernate.internal.SessionFactoryObserverChain.sessionFactoryCreated(SessionFactoryObserverChain.java:33)
	at org.hibernate.internal.SessionFactoryImpl.<init>(SessionFactoryImpl.java:327)
	at org.hibernate.internal.SessionFactoryRegistry.instantiateSessionFactory(SessionFactoryRegistry.java:64)
	at org.hibernate.boot.internal.SessionFactoryBuilderImpl.build(SessionFactoryBuilderImpl.java:458)
	at org.hibernate.jpa.boot.internal.EntityManagerFactoryBuilderImpl.build(EntityManagerFactoryBuilderImpl.java:1452)
	at org.hibernate.jpa.HibernatePersistenceProvider.createEntityManagerFactory(HibernatePersistenceProvider.java:59)
	at jakarta.persistence.Persistence.createEntityManagerFactory(Persistence.java:90)
	at jakarta.persistence.Persistence.createEntityManagerFactory(Persistence.java:66)
	at fr.imdb.app.ImportApp.main(ImportApp.java:21)
Caused by: java.sql.SQLSyntaxErrorException: (conn=9) You have an error in your SQL syntax; check the manual that corresponds to your MariaDB server version for the right syntax to use near 'if exists realisateur_film add constraint FKpvffx278rj7vqosqxyenfcqk8 foreign...' at line 1
	at org.mariadb.jdbc.export.ExceptionFactory.createException(ExceptionFactory.java:308)
	at org.mariadb.jdbc.export.ExceptionFactory.create(ExceptionFactory.java:402)
	at org.mariadb.jdbc.message.ClientMessage.readPacket(ClientMessage.java:195)
	at org.mariadb.jdbc.client.impl.StandardClient.readPacket(StandardClient.java:1438)
	at org.mariadb.jdbc.client.impl.StandardClient.readResults(StandardClient.java:1377)
	at org.mariadb.jdbc.client.impl.StandardClient.readResponse(StandardClient.java:1296)
	at org.mariadb.jdbc.client.impl.StandardClient.execute(StandardClient.java:1220)
	at org.mariadb.jdbc.Statement.executeInternal(Statement.java:1003)
	at org.mariadb.jdbc.Statement.execute(Statement.java:1132)
	at org.mariadb.jdbc.Statement.execute(Statement.java:471)
	at org.hibernate.tool.schema.internal.exec.GenerationTargetToDatabase.accept(GenerationTargetToDatabase.java:86)
	... 19 more

[ WARN] (main) Error: 1064-42000: You have an error in your SQL syntax; check the manual that corresponds to your MariaDB server version for the right syntax to use near 'if exists role add constraint FKqci566nxqijcpn1fxa1mfrj60 foreign key (id_act...' at line 1
juil. 31, 2026 10:06:19 AM org.hibernate.tool.schema.internal.ExceptionHandlerLoggedImpl handleException
WARN: GenerationTarget encountered exception accepting command : Error executing DDL "alter table if exists role add constraint FKqci566nxqijcpn1fxa1mfrj60 foreign key (id_acteur) references acteur (id_imdb)" via JDBC [(conn=9) You have an error in your SQL syntax; check the manual that corresponds to your MariaDB server version for the right syntax to use near 'if exists role add constraint FKqci566nxqijcpn1fxa1mfrj60 foreign key (id_act...' at line 1]
org.hibernate.tool.schema.spi.CommandAcceptanceException: Error executing DDL "alter table if exists role add constraint FKqci566nxqijcpn1fxa1mfrj60 foreign key (id_acteur) references acteur (id_imdb)" via JDBC [(conn=9) You have an error in your SQL syntax; check the manual that corresponds to your MariaDB server version for the right syntax to use near 'if exists role add constraint FKqci566nxqijcpn1fxa1mfrj60 foreign key (id_act...' at line 1]
	at org.hibernate.tool.schema.internal.exec.GenerationTargetToDatabase.accept(GenerationTargetToDatabase.java:91)
	at org.hibernate.tool.schema.internal.AbstractSchemaMigrator.applySqlString(AbstractSchemaMigrator.java:566)
	at org.hibernate.tool.schema.internal.AbstractSchemaMigrator.applySqlStrings(AbstractSchemaMigrator.java:506)
	at org.hibernate.tool.schema.internal.AbstractSchemaMigrator.applyForeignKeys(AbstractSchemaMigrator.java:438)
	at org.hibernate.tool.schema.internal.AbstractSchemaMigrator.performMigration(AbstractSchemaMigrator.java:256)
	at org.hibernate.tool.schema.internal.AbstractSchemaMigrator.doMigration(AbstractSchemaMigrator.java:96)
	at org.hibernate.tool.schema.spi.SchemaManagementToolCoordinator.performDatabaseAction(SchemaManagementToolCoordinator.java:269)
	at org.hibernate.tool.schema.spi.SchemaManagementToolCoordinator.lambda$process$1(SchemaManagementToolCoordinator.java:101)
	at java.base/java.util.HashMap.forEach(HashMap.java:1430)
	at org.hibernate.tool.schema.spi.SchemaManagementToolCoordinator.process(SchemaManagementToolCoordinator.java:100)
	at org.hibernate.boot.internal.SessionFactoryObserverForSchemaExport.sessionFactoryCreated(SessionFactoryObserverForSchemaExport.java:35)
	at org.hibernate.internal.SessionFactoryObserverChain.sessionFactoryCreated(SessionFactoryObserverChain.java:33)
	at org.hibernate.internal.SessionFactoryImpl.<init>(SessionFactoryImpl.java:327)
	at org.hibernate.internal.SessionFactoryRegistry.instantiateSessionFactory(SessionFactoryRegistry.java:64)
	at org.hibernate.boot.internal.SessionFactoryBuilderImpl.build(SessionFactoryBuilderImpl.java:458)
	at org.hibernate.jpa.boot.internal.EntityManagerFactoryBuilderImpl.build(EntityManagerFactoryBuilderImpl.java:1452)
	at org.hibernate.jpa.HibernatePersistenceProvider.createEntityManagerFactory(HibernatePersistenceProvider.java:59)
	at jakarta.persistence.Persistence.createEntityManagerFactory(Persistence.java:90)
	at jakarta.persistence.Persistence.createEntityManagerFactory(Persistence.java:66)
	at fr.imdb.app.ImportApp.main(ImportApp.java:21)
Caused by: java.sql.SQLSyntaxErrorException: (conn=9) You have an error in your SQL syntax; check the manual that corresponds to your MariaDB server version for the right syntax to use near 'if exists role add constraint FKqci566nxqijcpn1fxa1mfrj60 foreign key (id_act...' at line 1
	at org.mariadb.jdbc.export.ExceptionFactory.createException(ExceptionFactory.java:308)
	at org.mariadb.jdbc.export.ExceptionFactory.create(ExceptionFactory.java:402)
	at org.mariadb.jdbc.message.ClientMessage.readPacket(ClientMessage.java:195)
	at org.mariadb.jdbc.client.impl.StandardClient.readPacket(StandardClient.java:1438)
	at org.mariadb.jdbc.client.impl.StandardClient.readResults(StandardClient.java:1377)
	at org.mariadb.jdbc.client.impl.StandardClient.readResponse(StandardClient.java:1296)
	at org.mariadb.jdbc.client.impl.StandardClient.execute(StandardClient.java:1220)
	at org.mariadb.jdbc.Statement.executeInternal(Statement.java:1003)
	at org.mariadb.jdbc.Statement.execute(Statement.java:1132)
	at org.mariadb.jdbc.Statement.execute(Statement.java:471)
	at org.hibernate.tool.schema.internal.exec.GenerationTargetToDatabase.accept(GenerationTargetToDatabase.java:86)
	... 19 more

[ WARN] (main) Error: 1064-42000: You have an error in your SQL syntax; check the manual that corresponds to your MariaDB server version for the right syntax to use near 'if exists role add constraint FKdphj0qhdfu7vg8lr42x6vq71h foreign key (id_fil...' at line 1
juil. 31, 2026 10:06:19 AM org.hibernate.tool.schema.internal.ExceptionHandlerLoggedImpl handleException
WARN: GenerationTarget encountered exception accepting command : Error executing DDL "alter table if exists role add constraint FKdphj0qhdfu7vg8lr42x6vq71h foreign key (id_film) references film (id_imdb)" via JDBC [(conn=9) You have an error in your SQL syntax; check the manual that corresponds to your MariaDB server version for the right syntax to use near 'if exists role add constraint FKdphj0qhdfu7vg8lr42x6vq71h foreign key (id_fil...' at line 1]
org.hibernate.tool.schema.spi.CommandAcceptanceException: Error executing DDL "alter table if exists role add constraint FKdphj0qhdfu7vg8lr42x6vq71h foreign key (id_film) references film (id_imdb)" via JDBC [(conn=9) You have an error in your SQL syntax; check the manual that corresponds to your MariaDB server version for the right syntax to use near 'if exists role add constraint FKdphj0qhdfu7vg8lr42x6vq71h foreign key (id_fil...' at line 1]
	at org.hibernate.tool.schema.internal.exec.GenerationTargetToDatabase.accept(GenerationTargetToDatabase.java:91)
	at org.hibernate.tool.schema.internal.AbstractSchemaMigrator.applySqlString(AbstractSchemaMigrator.java:566)
	at org.hibernate.tool.schema.internal.AbstractSchemaMigrator.applySqlStrings(AbstractSchemaMigrator.java:506)
	at org.hibernate.tool.schema.internal.AbstractSchemaMigrator.applyForeignKeys(AbstractSchemaMigrator.java:438)
	at org.hibernate.tool.schema.internal.AbstractSchemaMigrator.performMigration(AbstractSchemaMigrator.java:256)
	at org.hibernate.tool.schema.internal.AbstractSchemaMigrator.doMigration(AbstractSchemaMigrator.java:96)
	at org.hibernate.tool.schema.spi.SchemaManagementToolCoordinator.performDatabaseAction(SchemaManagementToolCoordinator.java:269)
	at org.hibernate.tool.schema.spi.SchemaManagementToolCoordinator.lambda$process$1(SchemaManagementToolCoordinator.java:101)
	at java.base/java.util.HashMap.forEach(HashMap.java:1430)
	at org.hibernate.tool.schema.spi.SchemaManagementToolCoordinator.process(SchemaManagementToolCoordinator.java:100)
	at org.hibernate.boot.internal.SessionFactoryObserverForSchemaExport.sessionFactoryCreated(SessionFactoryObserverForSchemaExport.java:35)
	at org.hibernate.internal.SessionFactoryObserverChain.sessionFactoryCreated(SessionFactoryObserverChain.java:33)
	at org.hibernate.internal.SessionFactoryImpl.<init>(SessionFactoryImpl.java:327)
	at org.hibernate.internal.SessionFactoryRegistry.instantiateSessionFactory(SessionFactoryRegistry.java:64)
	at org.hibernate.boot.internal.SessionFactoryBuilderImpl.build(SessionFactoryBuilderImpl.java:458)
	at org.hibernate.jpa.boot.internal.EntityManagerFactoryBuilderImpl.build(EntityManagerFactoryBuilderImpl.java:1452)
	at org.hibernate.jpa.HibernatePersistenceProvider.createEntityManagerFactory(HibernatePersistenceProvider.java:59)
	at jakarta.persistence.Persistence.createEntityManagerFactory(Persistence.java:90)
	at jakarta.persistence.Persistence.createEntityManagerFactory(Persistence.java:66)
	at fr.imdb.app.ImportApp.main(ImportApp.java:21)
Caused by: java.sql.SQLSyntaxErrorException: (conn=9) You have an error in your SQL syntax; check the manual that corresponds to your MariaDB server version for the right syntax to use near 'if exists role add constraint FKdphj0qhdfu7vg8lr42x6vq71h foreign key (id_fil...' at line 1
	at org.mariadb.jdbc.export.ExceptionFactory.createException(ExceptionFactory.java:308)
	at org.mariadb.jdbc.export.ExceptionFactory.create(ExceptionFactory.java:402)
	at org.mariadb.jdbc.message.ClientMessage.readPacket(ClientMessage.java:195)
	at org.mariadb.jdbc.client.impl.StandardClient.readPacket(StandardClient.java:1438)
	at org.mariadb.jdbc.client.impl.StandardClient.readResults(StandardClient.java:1377)
	at org.mariadb.jdbc.client.impl.StandardClient.readResponse(StandardClient.java:1296)
	at org.mariadb.jdbc.client.impl.StandardClient.execute(StandardClient.java:1220)
	at org.mariadb.jdbc.Statement.executeInternal(Statement.java:1003)
	at org.mariadb.jdbc.Statement.execute(Statement.java:1132)
	at org.mariadb.jdbc.Statement.execute(Statement.java:471)
	at org.hibernate.tool.schema.internal.exec.GenerationTargetToDatabase.accept(GenerationTargetToDatabase.java:86)
	... 19 more

